nohup: ignoring input
Starting multi-core extraction for 11 samples using 11 workers...
Target Output: /data/mucollider/two_boosted/10TeV/scan_kappa3_hhmumu_HL_v2.h5
--> [Started] Process run_01 (PID: 10614, kappa_3: 0.2)--> [Started] Process run_04 (PID: 10617, kappa_3: 0.8)--> [Started] Process run_03 (PID: 10616, kappa_3: 0.6)
--> [Started] Process run_02 (PID: 10615, kappa_3: 0.4)
--> [Started] Process run_05 (PID: 10618, kappa_3: 0.9)
--> [Started] Process run_07 (PID: 10620, kappa_3: 1.1)--> [Started] Process run_08 (PID: 10621, kappa_3: 1.2)--> [Started] Process run_06 (PID: 10619, kappa_3: 1.0)




--> [Started] Process run_09 (PID: 10622, kappa_3: 1.4)--> [Started] Process run_10 (PID: 10623, kappa_3: 1.6)

--> [Started] Process run_11 (PID: 10624, kappa_3: 1.8)
<-- [Finished] Process run_02: Passed 26795/100000 events | Elapsed: 866.0s
<-- [Finished] Process run_05: Passed 24771/100000 events | Elapsed: 1413.8s
<-- [Finished] Process run_07: Passed 23802/100000 events | Elapsed: 1487.0s
<-- [Finished] Process run_09: Passed 22210/100000 events | Elapsed: 1536.6s
<-- [Finished] Process run_10: Passed 21447/100000 events | Elapsed: 1542.6s
<-- [Finished] Process run_11: Passed 20436/100000 events | Elapsed: 1554.9s
<-- [Finished] Process run_08: Passed 23339/100000 events | Elapsed: 1601.7s
<-- [Finished] Process run_06: Passed 24521/100000 events | Elapsed: 1605.1s
<-- [Finished] Process run_04: Passed 25309/100000 events | Elapsed: 1629.5s
<-- [Finished] Process run_03: Passed 26040/100000 events | Elapsed: 1658.2s
<-- [Finished] Process run_01: Passed 27625/100000 events | Elapsed: 1710.9s

======================================================================
Merging temporary HDF5 files into final output...
Merge successfully completed! Elapsed: 2.30s
======================================================================

All processes completed successfully! Total elapsed time: 28.57 minutes
Final dataset saved to: /data/mucollider/two_boosted/10TeV/scan_kappa3_hhmumu_HL_v2.h5
