nohup: ignoring input
Starting multi-core extraction for 11 samples using 11 workers...
Target Output: /data/mucollider/two_boosted/10TeV/scan_kappa3_hhvv_small_HL_v2.h5
--> [Started] Process run_01 (PID: 11459, kappa_3: 0.8)
--> [Started] Process run_02 (PID: 11460, kappa_3: 0.84)
--> [Started] Process run_03 (PID: 11461, kappa_3: 0.88)
--> [Started] Process run_04 (PID: 11462, kappa_3: 0.92)
--> [Started] Process run_05 (PID: 11463, kappa_3: 0.96)
--> [Started] Process run_06 (PID: 11464, kappa_3: 1.0)
--> [Started] Process run_07 (PID: 11465, kappa_3: 1.04)
--> [Started] Process run_09 (PID: 11467, kappa_3: 1.12)
--> [Started] Process run_08 (PID: 11466, kappa_3: 1.08)
--> [Started] Process run_11 (PID: 11469, kappa_3: 1.2)--> [Started] Process run_10 (PID: 11468, kappa_3: 1.16)

<-- [Finished] Process run_11: Passed 21810/100000 events | Elapsed: 983.6s
<-- [Finished] Process run_08: Passed 22577/100000 events | Elapsed: 1016.6s
<-- [Finished] Process run_01: Passed 24310/100000 events | Elapsed: 1065.8s
<-- [Finished] Process run_03: Passed 23648/100000 events | Elapsed: 1330.6s
<-- [Finished] Process run_05: Passed 23266/100000 events | Elapsed: 1350.7s
<-- [Finished] Process run_02: Passed 23966/100000 events | Elapsed: 1389.6s
<-- [Finished] Process run_04: Passed 23645/100000 events | Elapsed: 1508.2s
<-- [Finished] Process run_07: Passed 22785/100000 events | Elapsed: 1512.9s
<-- [Finished] Process run_10: Passed 21928/100000 events | Elapsed: 1521.0s
<-- [Finished] Process run_06: Passed 22972/100000 events | Elapsed: 1521.8s
<-- [Finished] Process run_09: Passed 22423/100000 events | Elapsed: 1528.8s

======================================================================
Merging temporary HDF5 files into final output...
Merge successfully completed! Elapsed: 2.20s
======================================================================

All processes completed successfully! Total elapsed time: 25.53 minutes
Final dataset saved to: /data/mucollider/two_boosted/10TeV/scan_kappa3_hhvv_small_HL_v2.h5
