nohup: ignoring input
Starting multi-core extraction for 11 samples using 11 workers...
Target Output: /data/mucollider/two_boosted/10TeV/scan_kappa3_hhvv_HL_v2.h5
--> [Started] Process run_09 (PID: 9785, kappa_3: 1.4)--> [Started] Process run_05 (PID: 9781, kappa_3: 0.9)--> [Started] Process run_08 (PID: 9784, kappa_3: 1.2)--> [Started] Process run_01 (PID: 9777, kappa_3: 0.2)--> [Started] Process run_07 (PID: 9783, kappa_3: 1.1)
--> [Started] Process run_10 (PID: 9786, kappa_3: 1.6)

--> [Started] Process run_11 (PID: 9787, kappa_3: 1.8)



--> [Started] Process run_04 (PID: 9780, kappa_3: 0.8)
--> [Started] Process run_02 (PID: 9778, kappa_3: 0.4)
--> [Started] Process run_06 (PID: 9782, kappa_3: 1.0)
--> [Started] Process run_03 (PID: 9779, kappa_3: 0.6)
<-- [Finished] Process run_02: Passed 26268/100000 events | Elapsed: 1208.7s
<-- [Finished] Process run_06: Passed 22773/100000 events | Elapsed: 1226.0s
<-- [Finished] Process run_11: Passed 19280/100000 events | Elapsed: 1292.1s
<-- [Finished] Process run_03: Passed 25129/100000 events | Elapsed: 1297.3s
<-- [Finished] Process run_09: Passed 20562/100000 events | Elapsed: 1359.4s
<-- [Finished] Process run_10: Passed 19530/100000 events | Elapsed: 1401.8s
<-- [Finished] Process run_05: Passed 23711/100000 events | Elapsed: 1411.1s
<-- [Finished] Process run_08: Passed 21710/100000 events | Elapsed: 1477.3s
<-- [Finished] Process run_01: Passed 26908/100000 events | Elapsed: 1484.6s
<-- [Finished] Process run_04: Passed 24449/100000 events | Elapsed: 1493.7s
<-- [Finished] Process run_07: Passed 22228/100000 events | Elapsed: 1494.4s

======================================================================
Merging temporary HDF5 files into final output...
Merge successfully completed! Elapsed: 2.21s
======================================================================

All processes completed successfully! Total elapsed time: 24.96 minutes
Final dataset saved to: /data/mucollider/two_boosted/10TeV/scan_kappa3_hhvv_HL_v2.h5
